[watchdog 15:07:27] cap=$20.00  match='run_grid_sweep_v3'  prices(in/cached/out)=$1.25/$0.125/$10.0 per 1M (uniform => conservative for cheaper models)
[watchdog 15:07:27] episodes=0  spent=$0.00 / $20.00 (0%)  in=0 out=0 cache=0
[watchdog 15:07:57] episodes=0  spent=$0.00 / $20.00 (0%)  in=0 out=0 cache=0
[watchdog 15:08:27] episodes=4  spent=$0.19 / $20.00 (1%)  in=277,045 out=4,259 cache=175,104
[watchdog 15:08:57] episodes=4  spent=$0.19 / $20.00 (1%)  in=277,045 out=4,259 cache=175,104
[watchdog 15:09:27] episodes=8  spent=$0.43 / $20.00 (2%)  in=614,248 out=8,410 cache=377,344
[watchdog 15:09:57] episodes=10  spent=$0.55 / $20.00 (3%)  in=769,806 out=10,685 cache=465,664
[watchdog 15:10:27] episodes=12  spent=$0.69 / $20.00 (3%)  in=959,629 out=14,392 cache=582,272
[watchdog 15:10:57] episodes=14  spent=$0.80 / $20.00 (4%)  in=1,102,789 out=16,107 cache=657,024
[watchdog 15:11:28] episodes=16  spent=$0.92 / $20.00 (5%)  in=1,270,233 out=17,928 cache=752,384
[watchdog 15:11:58] episodes=18  spent=$1.07 / $20.00 (5%)  in=1,466,112 out=20,957 cache=860,288
[watchdog 15:12:28] episodes=20  spent=$1.19 / $20.00 (6%)  in=1,626,572 out=22,619 cache=948,992
[watchdog 15:12:58] episodes=22  spent=$1.34 / $20.00 (7%)  in=1,820,981 out=25,348 cache=1,054,720
[watchdog 15:13:28] episodes=25  spent=$1.50 / $20.00 (7%)  in=2,016,087 out=27,511 cache=1,155,200
[watchdog 15:13:58] episodes=26  spent=$1.55 / $20.00 (8%)  in=2,101,776 out=28,210 cache=1,206,272
[watchdog 15:14:28] episodes=30  spent=$1.78 / $20.00 (9%)  in=2,393,502 out=32,760 cache=1,366,016
[watchdog 15:14:58] episodes=32  spent=$1.86 / $20.00 (9%)  in=2,478,029 out=34,244 cache=1,402,240
[watchdog 15:15:28] episodes=34  spent=$2.01 / $20.00 (10%)  in=2,683,849 out=37,235 cache=1,522,048
[watchdog 15:15:58] episodes=35  spent=$2.06 / $20.00 (10%)  in=2,752,103 out=37,884 cache=1,560,832
[watchdog 15:16:28] episodes=38  spent=$2.22 / $20.00 (11%)  in=2,939,786 out=41,120 cache=1,662,720
[watchdog 15:16:58] episodes=40  spent=$2.35 / $20.00 (12%)  in=3,133,490 out=43,980 cache=1,780,096
[watchdog 15:17:28] episodes=41  spent=$2.44 / $20.00 (12%)  in=3,261,437 out=46,401 cache=1,864,960
[watchdog 15:17:58] episodes=44  spent=$2.65 / $20.00 (13%)  in=3,543,938 out=51,204 cache=2,033,152
[watchdog 15:18:28] episodes=45  spent=$2.72 / $20.00 (14%)  in=3,643,878 out=52,474 cache=2,095,232
[watchdog 15:18:59] episodes=49  spent=$2.93 / $20.00 (15%)  in=3,914,769 out=55,949 cache=2,242,816
[watchdog 15:19:29] episodes=51  spent=$2.98 / $20.00 (15%)  in=3,953,790 out=57,589 cache=2,252,544
[watchdog 15:19:59] episodes=54  spent=$3.13 / $20.00 (16%)  in=4,144,645 out=60,831 cache=2,364,672
[watchdog 15:20:29] episodes=56  spent=$3.25 / $20.00 (16%)  in=4,322,941 out=63,026 cache=2,472,704
[watchdog 15:20:59] episodes=58  spent=$3.37 / $20.00 (17%)  in=4,472,526 out=65,318 cache=2,558,080
[watchdog 15:21:29] episodes=60  spent=$3.48 / $20.00 (17%)  in=4,633,330 out=67,456 cache=2,653,824
[watchdog 15:21:59] episodes=61  spent=$3.55 / $20.00 (18%)  in=4,740,150 out=68,740 cache=2,724,736
[watchdog 15:22:29] episodes=62  spent=$3.63 / $20.00 (18%)  in=4,850,968 out=70,043 cache=2,787,200
[watchdog 15:22:59] episodes=64  spent=$3.76 / $20.00 (19%)  in=5,046,230 out=71,682 cache=2,905,856
[watchdog 15:23:29] episodes=66  spent=$3.92 / $20.00 (20%)  in=5,279,894 out=75,326 cache=3,047,936
[watchdog 15:23:59] episodes=66  spent=$3.92 / $20.00 (20%)  in=5,279,894 out=75,326 cache=3,047,936
[watchdog 15:24:29] episodes=70  spent=$4.23 / $20.00 (21%)  in=5,749,753 out=80,770 cache=3,347,200
[watchdog 15:24:59] episodes=70  spent=$4.23 / $20.00 (21%)  in=5,749,753 out=80,770 cache=3,347,200
[watchdog 15:25:30] episodes=73  spent=$4.43 / $20.00 (22%)  in=6,042,337 out=83,221 cache=3,516,800
[watchdog 15:26:00] episodes=74  spent=$4.53 / $20.00 (23%)  in=6,192,929 out=85,121 cache=3,607,680
[watchdog 15:26:30] episodes=76  spent=$4.66 / $20.00 (23%)  in=6,375,935 out=86,649 cache=3,708,032
[watchdog 15:27:00] episodes=79  spent=$4.80 / $20.00 (24%)  in=6,557,496 out=88,508 cache=3,809,152
[watchdog 15:27:30] episodes=80  spent=$4.89 / $20.00 (24%)  in=6,697,722 out=90,134 cache=3,897,088
[watchdog 15:28:00] episodes=81  spent=$4.95 / $20.00 (25%)  in=6,786,640 out=90,890 cache=3,945,472
[watchdog 15:28:30] episodes=84  spent=$5.20 / $20.00 (26%)  in=7,192,694 out=94,764 cache=4,213,376
[watchdog 15:29:00] episodes=85  spent=$5.26 / $20.00 (26%)  in=7,277,781 out=96,218 cache=4,263,808
[watchdog 15:29:30] episodes=88  spent=$5.49 / $20.00 (27%)  in=7,590,708 out=99,943 cache=4,445,312
[watchdog 15:30:01] episodes=88  spent=$5.49 / $20.00 (27%)  in=7,590,708 out=99,943 cache=4,445,312
[watchdog 15:30:31] episodes=89  spent=$5.56 / $20.00 (28%)  in=7,708,545 out=100,840 cache=4,519,296
[watchdog 15:31:01] episodes=92  spent=$5.77 / $20.00 (29%)  in=8,026,753 out=104,522 cache=4,719,616
[watchdog 15:31:31] episodes=94  spent=$5.86 / $20.00 (29%)  in=8,139,370 out=106,186 cache=4,779,520
[watchdog 15:32:01] episodes=94  spent=$5.86 / $20.00 (29%)  in=8,139,370 out=106,186 cache=4,779,520
[watchdog 15:32:31] episodes=97  spent=$6.08 / $20.00 (30%)  in=8,514,683 out=110,315 cache=5,035,008
[watchdog 15:33:01] episodes=98  spent=$6.19 / $20.00 (31%)  in=8,717,649 out=112,107 cache=5,182,464
[watchdog 15:33:31] episodes=101  spent=$6.38 / $20.00 (32%)  in=9,020,825 out=114,719 cache=5,371,648
[watchdog 15:34:01] episodes=102  spent=$6.47 / $20.00 (32%)  in=9,148,577 out=115,771 cache=5,444,608
[watchdog 15:34:31] episodes=105  spent=$6.67 / $20.00 (33%)  in=9,451,295 out=118,636 cache=5,623,936
[watchdog 15:35:01] episodes=105  spent=$6.67 / $20.00 (33%)  in=9,451,295 out=118,636 cache=5,623,936
[watchdog 15:35:31] episodes=108  spent=$6.86 / $20.00 (34%)  in=9,719,874 out=121,377 cache=5,780,864
[watchdog 15:36:01] episodes=109  spent=$6.97 / $20.00 (35%)  in=9,912,108 out=123,056 cache=5,915,776
[watchdog 15:36:31] episodes=112  spent=$7.13 / $20.00 (36%)  in=10,134,499 out=126,604 cache=6,048,128
[watchdog 15:37:02] episodes=113  spent=$7.20 / $20.00 (36%)  in=10,246,755 out=127,731 cache=6,120,960
[watchdog 15:37:32] episodes=115  spent=$7.32 / $20.00 (37%)  in=10,405,650 out=129,622 cache=6,208,640
[watchdog 15:38:02] episodes=117  spent=$7.49 / $20.00 (37%)  in=10,671,112 out=132,390 cache=6,380,160
[watchdog 15:38:32] episodes=119  spent=$7.62 / $20.00 (38%)  in=10,878,162 out=134,132 cache=6,504,064
[watchdog 15:39:02] episodes=121  spent=$7.76 / $20.00 (39%)  in=11,072,340 out=135,780 cache=6,616,064
[watchdog 15:39:32] episodes=122  spent=$7.78 / $20.00 (39%)  in=11,091,557 out=136,604 cache=6,618,240
[watchdog 15:40:02] episodes=125  spent=$8.03 / $20.00 (40%)  in=11,482,145 out=141,455 cache=6,876,160
[watchdog 15:40:32] episodes=127  spent=$8.20 / $20.00 (41%)  in=11,724,271 out=144,277 cache=7,021,056
[watchdog 15:41:02] episodes=128  spent=$8.28 / $20.00 (41%)  in=11,868,329 out=145,605 cache=7,119,872
[watchdog 15:41:32] episodes=129  spent=$8.39 / $20.00 (42%)  in=12,053,051 out=146,999 cache=7,243,264
[watchdog 15:42:02] episodes=131  spent=$8.59 / $20.00 (43%)  in=12,391,292 out=151,305 cache=7,479,040
[watchdog 15:42:32] episodes=133  spent=$8.71 / $20.00 (44%)  in=12,576,402 out=153,558 cache=7,594,752
[watchdog 15:43:02] episodes=135  spent=$8.84 / $20.00 (44%)  in=12,817,670 out=155,812 cache=7,765,376
[watchdog 15:43:32] episodes=137  spent=$8.98 / $20.00 (45%)  in=13,014,931 out=158,480 cache=7,884,672
[watchdog 15:44:03] episodes=139  spent=$9.09 / $20.00 (45%)  in=13,170,466 out=160,378 cache=7,977,856
[watchdog 15:44:33] episodes=142  spent=$9.28 / $20.00 (46%)  in=13,469,482 out=163,072 cache=8,162,432
[watchdog 15:45:03] episodes=143  spent=$9.37 / $20.00 (47%)  in=13,621,902 out=164,308 cache=8,264,320
[watchdog 15:45:33] episodes=145  spent=$9.51 / $20.00 (48%)  in=13,814,224 out=166,349 cache=8,376,448
[watchdog 15:46:03] episodes=147  spent=$9.65 / $20.00 (48%)  in=14,030,403 out=168,816 cache=8,513,920
[watchdog 15:46:33] episodes=147  spent=$9.65 / $20.00 (48%)  in=14,030,403 out=168,816 cache=8,513,920
[watchdog 15:47:03] episodes=151  spent=$10.01 / $20.00 (50%)  in=14,568,697 out=174,705 cache=8,845,184
[watchdog 15:47:33] episodes=151  spent=$10.01 / $20.00 (50%)  in=14,568,697 out=174,705 cache=8,845,184
[watchdog 15:48:03] episodes=153  spent=$10.15 / $20.00 (51%)  in=14,768,544 out=177,307 cache=8,966,656
[watchdog 15:48:33] episodes=155  spent=$10.38 / $20.00 (52%)  in=15,180,174 out=181,648 cache=9,255,168
[watchdog 15:49:03] episodes=156  spent=$10.48 / $20.00 (52%)  in=15,325,384 out=183,459 cache=9,341,440
[watchdog 15:49:33] episodes=158  spent=$10.64 / $20.00 (53%)  in=15,592,495 out=187,200 cache=9,527,424
[watchdog 15:50:03] episodes=159  spent=$10.74 / $20.00 (54%)  in=15,758,237 out=188,971 cache=9,644,672
[watchdog 15:50:33] episodes=162  spent=$10.97 / $20.00 (55%)  in=16,119,412 out=192,441 cache=9,870,720
[watchdog 15:51:03] episodes=162  spent=$10.97 / $20.00 (55%)  in=16,119,412 out=192,441 cache=9,870,720
[watchdog 15:51:34] episodes=164  spent=$11.15 / $20.00 (56%)  in=16,396,683 out=195,871 cache=10,048,512
[watchdog 15:52:04] episodes=166  spent=$11.33 / $20.00 (57%)  in=16,704,560 out=198,818 cache=10,252,800
[watchdog 15:52:34] episodes=168  spent=$11.49 / $20.00 (57%)  in=16,952,684 out=200,720 cache=10,406,016
[watchdog 15:53:04] episodes=170  spent=$11.65 / $20.00 (58%)  in=17,184,416 out=202,963 cache=10,542,336
[watchdog 15:53:34] episodes=171  spent=$11.75 / $20.00 (59%)  in=17,324,025 out=204,792 cache=10,625,920
[watchdog 15:54:04] episodes=173  spent=$11.89 / $20.00 (59%)  in=17,524,195 out=207,181 cache=10,745,472
[watchdog 15:54:34] episodes=174  spent=$11.98 / $20.00 (60%)  in=17,682,720 out=208,367 cache=10,850,432
[watchdog 15:55:04] episodes=176  spent=$12.14 / $20.00 (61%)  in=17,955,821 out=210,424 cache=11,026,048
[watchdog 15:55:34] episodes=178  spent=$12.37 / $20.00 (62%)  in=18,336,405 out=213,653 cache=11,280,128
[watchdog 15:56:05] episodes=179  spent=$12.43 / $20.00 (62%)  in=18,426,553 out=214,421 cache=11,332,864
[watchdog 15:56:35] episodes=180  spent=$12.53 / $20.00 (63%)  in=18,585,880 out=216,028 cache=11,430,400
[watchdog 15:56:35] sweep process gone; final spend $12.53 over 180 episodes. exiting
