[watchdog 13:08:55] cap=$40.00  match='run_grid_sweep_v3'  prices(in/cached/out)=$1.25/$0.125/$10.0 per 1M (uniform => conservative for cheaper models)
[watchdog 13:08:55] episodes=0  spent=$0.00 / $40.00 (0%)  in=0 out=0 cache=0
[watchdog 13:09:25] episodes=2  spent=$0.05 / $40.00 (0%)  in=37,708 out=939 cache=5,248
[watchdog 13:09:56] episodes=3  spent=$0.13 / $40.00 (0%)  in=161,677 out=2,885 cache=87,808
[watchdog 13:10:26] episodes=6  spent=$0.32 / $40.00 (1%)  in=405,836 out=5,426 cache=217,088
[watchdog 13:10:56] episodes=8  spent=$0.46 / $40.00 (1%)  in=594,452 out=6,898 cache=313,984
[watchdog 13:11:26] episodes=11  spent=$0.67 / $40.00 (2%)  in=830,617 out=9,235 cache=410,368
[watchdog 13:11:56] episodes=15  spent=$0.82 / $40.00 (2%)  in=964,127 out=11,639 cache=444,800
[watchdog 13:12:26] episodes=20  spent=$1.02 / $40.00 (3%)  in=1,145,748 out=14,287 cache=497,024
[watchdog 13:12:56] episodes=21  spent=$1.05 / $40.00 (3%)  in=1,165,960 out=14,848 cache=498,176
[watchdog 13:13:26] episodes=23  spent=$1.15 / $40.00 (3%)  in=1,274,933 out=16,129 cache=533,760
[watchdog 13:13:56] episodes=27  spent=$1.39 / $40.00 (3%)  in=1,526,545 out=19,172 cache=627,968
[watchdog 13:14:26] episodes=28  spent=$1.42 / $40.00 (4%)  in=1,543,864 out=19,584 cache=627,968
[watchdog 13:14:56] episodes=32  spent=$1.68 / $40.00 (4%)  in=1,854,482 out=22,671 cache=769,024
[watchdog 13:15:26] episodes=35  spent=$1.77 / $40.00 (4%)  in=1,920,013 out=24,171 cache=774,400
[watchdog 13:15:56] episodes=38  spent=$1.90 / $40.00 (5%)  in=2,042,010 out=26,136 cache=811,904
[watchdog 13:16:26] episodes=40  spent=$2.12 / $40.00 (5%)  in=2,355,652 out=28,176 cache=980,864
[watchdog 13:16:56] episodes=44  spent=$2.31 / $40.00 (6%)  in=2,528,602 out=30,855 cache=1,028,352
[watchdog 13:17:27] episodes=46  spent=$2.38 / $40.00 (6%)  in=2,591,258 out=31,932 cache=1,044,096
[watchdog 13:17:57] episodes=50  spent=$2.66 / $40.00 (7%)  in=2,906,187 out=35,425 cache=1,177,472
[watchdog 13:18:27] episodes=53  spent=$2.79 / $40.00 (7%)  in=3,032,564 out=37,433 cache=1,221,376
[watchdog 13:18:57] episodes=57  spent=$2.89 / $40.00 (7%)  in=3,105,049 out=39,180 cache=1,226,624
[watchdog 13:19:27] episodes=61  spent=$3.10 / $40.00 (8%)  in=3,320,472 out=41,518 cache=1,304,576
[watchdog 13:19:57] episodes=64  spent=$3.23 / $40.00 (8%)  in=3,437,159 out=43,398 cache=1,333,504
[watchdog 13:20:27] episodes=69  spent=$3.44 / $40.00 (9%)  in=3,635,435 out=46,490 cache=1,394,560
[watchdog 13:20:57] episodes=74  spent=$3.57 / $40.00 (9%)  in=3,729,175 out=48,822 cache=1,399,936
[watchdog 13:21:27] episodes=79  spent=$3.71 / $40.00 (9%)  in=3,826,238 out=51,207 cache=1,410,176
[watchdog 13:21:57] episodes=82  spent=$3.84 / $40.00 (10%)  in=3,946,099 out=53,027 cache=1,439,488
[watchdog 13:22:27] episodes=84  spent=$3.90 / $40.00 (10%)  in=3,984,553 out=53,931 cache=1,441,920
[watchdog 13:22:57] episodes=87  spent=$4.08 / $40.00 (10%)  in=4,256,796 out=56,048 cache=1,600,256
[watchdog 13:23:27] episodes=88  spent=$4.11 / $40.00 (10%)  in=4,275,459 out=56,531 cache=1,600,256
[watchdog 13:23:57] episodes=91  spent=$4.55 / $40.00 (11%)  in=4,982,058 out=62,155 cache=2,046,848
[watchdog 13:24:27] episodes=94  spent=$4.69 / $40.00 (12%)  in=5,134,590 out=64,152 cache=2,106,112
[watchdog 13:24:57] episodes=94  spent=$4.69 / $40.00 (12%)  in=5,134,590 out=64,152 cache=2,106,112
[watchdog 13:25:27] episodes=97  spent=$4.92 / $40.00 (12%)  in=5,439,930 out=66,943 cache=2,269,568
[watchdog 13:25:58] episodes=99  spent=$5.05 / $40.00 (13%)  in=5,581,364 out=68,576 cache=2,323,968
[watchdog 13:26:28] episodes=101  spent=$5.20 / $40.00 (13%)  in=5,747,164 out=70,284 cache=2,390,656
[watchdog 13:26:58] episodes=103  spent=$5.37 / $40.00 (13%)  in=5,961,638 out=71,877 cache=2,493,184
[watchdog 13:27:28] episodes=106  spent=$5.49 / $40.00 (14%)  in=6,085,703 out=73,533 cache=2,534,784
[watchdog 13:27:58] episodes=110  spent=$5.72 / $40.00 (14%)  in=6,373,131 out=76,688 cache=2,674,176
[watchdog 13:28:28] episodes=111  spent=$5.77 / $40.00 (14%)  in=6,410,834 out=77,496 cache=2,684,800
[watchdog 13:28:58] episodes=112  spent=$5.88 / $40.00 (15%)  in=6,565,733 out=79,478 cache=2,777,088
[watchdog 13:29:28] episodes=115  spent=$6.14 / $40.00 (15%)  in=6,936,838 out=82,863 cache=2,984,704
[watchdog 13:29:58] episodes=118  spent=$6.36 / $40.00 (16%)  in=7,239,705 out=85,227 cache=3,144,704
[watchdog 13:30:28] episodes=119  spent=$6.44 / $40.00 (16%)  in=7,337,677 out=86,279 cache=3,197,568
[watchdog 13:30:58] episodes=121  spent=$6.57 / $40.00 (16%)  in=7,510,114 out=88,801 cache=3,291,392
[watchdog 13:31:28] episodes=124  spent=$6.77 / $40.00 (17%)  in=7,770,928 out=91,953 cache=3,437,824
[watchdog 13:31:58] episodes=130  spent=$6.99 / $40.00 (17%)  in=7,973,711 out=95,464 cache=3,492,608
[watchdog 13:32:28] episodes=132  spent=$7.05 / $40.00 (18%)  in=8,011,181 out=96,411 cache=3,493,760
[watchdog 13:32:58] episodes=133  spent=$7.16 / $40.00 (18%)  in=8,199,562 out=97,719 cache=3,615,104
[watchdog 13:33:29] episodes=135  spent=$7.41 / $40.00 (19%)  in=8,534,999 out=101,544 cache=3,795,200
[watchdog 13:33:59] episodes=138  spent=$7.64 / $40.00 (19%)  in=8,879,226 out=104,313 cache=4,005,248
[watchdog 13:34:29] episodes=139  spent=$7.70 / $40.00 (19%)  in=8,940,820 out=105,100 cache=4,025,216
[watchdog 13:34:59] episodes=141  spent=$7.82 / $40.00 (20%)  in=9,087,892 out=106,466 cache=4,093,312
[watchdog 13:35:29] episodes=143  spent=$7.93 / $40.00 (20%)  in=9,220,618 out=108,482 cache=4,161,280
[watchdog 13:35:59] episodes=147  spent=$8.27 / $40.00 (21%)  in=9,734,706 out=112,964 cache=4,467,072
[watchdog 13:36:29] episodes=149  spent=$8.35 / $40.00 (21%)  in=9,807,990 out=113,997 cache=4,488,704
[watchdog 13:36:59] episodes=150  spent=$8.46 / $40.00 (21%)  in=9,982,917 out=115,458 cache=4,595,072
[watchdog 13:37:29] episodes=150  spent=$8.46 / $40.00 (21%)  in=9,982,917 out=115,458 cache=4,595,072
[watchdog 13:37:59] episodes=154  spent=$9.00 / $40.00 (22%)  in=10,835,693 out=119,992 cache=5,109,888
[watchdog 13:38:29] episodes=157  spent=$9.14 / $40.00 (23%)  in=10,982,170 out=122,210 cache=5,161,856
[watchdog 13:38:59] episodes=159  spent=$9.23 / $40.00 (23%)  in=11,055,795 out=123,349 cache=5,178,752
[watchdog 13:39:29] episodes=163  spent=$9.40 / $40.00 (24%)  in=11,233,199 out=125,703 cache=5,241,088
[watchdog 13:40:00] episodes=164  spent=$9.49 / $40.00 (24%)  in=11,362,267 out=126,725 cache=5,318,528
[watchdog 13:40:30] episodes=165  spent=$9.58 / $40.00 (24%)  in=11,485,553 out=127,714 cache=5,377,792
[watchdog 13:41:00] episodes=166  spent=$9.61 / $40.00 (24%)  in=11,503,815 out=128,166 cache=5,378,816
[watchdog 13:41:30] episodes=170  spent=$10.10 / $40.00 (25%)  in=12,301,382 out=133,035 cache=5,876,864
[watchdog 13:42:00] episodes=172  spent=$10.16 / $40.00 (25%)  in=12,346,012 out=134,269 cache=5,881,600
[watchdog 13:42:30] episodes=176  spent=$10.37 / $40.00 (26%)  in=12,568,068 out=137,102 cache=5,964,800
[watchdog 13:43:00] episodes=177  spent=$10.41 / $40.00 (26%)  in=12,604,107 out=137,646 cache=5,970,688
[watchdog 13:43:30] episodes=178  spent=$10.51 / $40.00 (26%)  in=12,727,817 out=139,294 cache=6,039,424
[watchdog 13:44:00] episodes=180  spent=$10.83 / $40.00 (27%)  in=13,256,814 out=142,505 cache=6,374,016
[watchdog 13:44:30] episodes=180  spent=$10.83 / $40.00 (27%)  in=13,256,814 out=142,505 cache=6,374,016
[watchdog 13:45:00] episodes=184  spent=$11.01 / $40.00 (28%)  in=13,578,944 out=145,238 cache=6,591,104
[watchdog 13:45:30] episodes=184  spent=$11.01 / $40.00 (28%)  in=13,578,944 out=145,238 cache=6,591,104
[watchdog 13:46:00] episodes=188  spent=$11.22 / $40.00 (28%)  in=13,858,376 out=147,856 cache=6,739,200
[watchdog 13:46:30] episodes=188  spent=$11.22 / $40.00 (28%)  in=13,858,376 out=147,856 cache=6,739,200
[watchdog 13:47:00] episodes=192  spent=$11.44 / $40.00 (29%)  in=14,174,028 out=150,635 cache=6,915,072
[watchdog 13:47:30] episodes=192  spent=$11.44 / $40.00 (29%)  in=14,174,028 out=150,635 cache=6,915,072
[watchdog 13:48:01] episodes=195  spent=$11.60 / $40.00 (29%)  in=14,409,068 out=152,701 cache=7,058,432
[watchdog 13:48:31] episodes=196  spent=$11.65 / $40.00 (29%)  in=14,502,037 out=153,427 cache=7,120,512
[watchdog 13:49:01] episodes=198  spent=$11.75 / $40.00 (29%)  in=14,661,063 out=154,802 cache=7,222,656
[watchdog 13:49:31] episodes=200  spent=$11.85 / $40.00 (30%)  in=14,829,932 out=156,198 cache=7,329,536
[watchdog 13:50:01] episodes=203  spent=$12.02 / $40.00 (30%)  in=15,061,460 out=158,233 cache=7,453,568
[watchdog 13:50:31] episodes=204  spent=$12.07 / $40.00 (30%)  in=15,139,174 out=158,933 cache=7,502,336
[watchdog 13:51:01] episodes=207  spent=$12.24 / $40.00 (31%)  in=15,386,388 out=161,036 cache=7,649,664
[watchdog 13:51:31] episodes=208  spent=$12.30 / $40.00 (31%)  in=15,464,612 out=161,738 cache=7,688,576
[watchdog 13:52:01] episodes=211  spent=$12.45 / $40.00 (31%)  in=15,701,915 out=163,820 cache=7,831,680
[watchdog 13:52:31] episodes=212  spent=$12.51 / $40.00 (31%)  in=15,789,853 out=164,520 cache=7,883,776
[watchdog 13:53:01] episodes=215  spent=$12.68 / $40.00 (32%)  in=16,043,622 out=166,666 cache=8,037,504
[watchdog 13:53:31] episodes=215  spent=$12.68 / $40.00 (32%)  in=16,043,622 out=166,666 cache=8,037,504
[watchdog 13:54:01] episodes=216  spent=$12.73 / $40.00 (32%)  in=16,120,352 out=167,340 cache=8,080,000
[watchdog 13:54:31] episodes=219  spent=$12.87 / $40.00 (32%)  in=16,327,094 out=169,310 cache=8,209,408
[watchdog 13:55:01] episodes=220  spent=$12.92 / $40.00 (32%)  in=16,401,627 out=170,477 cache=8,250,752
[watchdog 13:55:32] episodes=221  spent=$12.98 / $40.00 (32%)  in=16,484,687 out=171,199 cache=8,298,112
[watchdog 13:56:02] episodes=221  spent=$12.98 / $40.00 (32%)  in=16,484,687 out=171,199 cache=8,298,112
[watchdog 13:56:32] episodes=224  spent=$13.13 / $40.00 (33%)  in=16,727,091 out=173,461 cache=8,456,704
[watchdog 13:57:02] episodes=224  spent=$13.13 / $40.00 (33%)  in=16,727,091 out=173,461 cache=8,456,704
[watchdog 13:57:32] episodes=227  spent=$13.26 / $40.00 (33%)  in=16,954,141 out=175,493 cache=8,609,280
[watchdog 13:58:02] episodes=228  spent=$13.31 / $40.00 (33%)  in=17,024,944 out=176,160 cache=8,653,568
[watchdog 13:58:32] episodes=231  spent=$13.46 / $40.00 (34%)  in=17,255,237 out=178,251 cache=8,794,880
[watchdog 13:59:02] episodes=232  spent=$13.51 / $40.00 (34%)  in=17,328,820 out=178,928 cache=8,838,784
[watchdog 13:59:32] episodes=232  spent=$13.51 / $40.00 (34%)  in=17,328,820 out=178,928 cache=8,838,784
[watchdog 14:00:02] episodes=232  spent=$13.51 / $40.00 (34%)  in=17,328,820 out=178,928 cache=8,838,784
[watchdog 14:00:32] episodes=236  spent=$13.68 / $40.00 (34%)  in=17,645,990 out=181,782 cache=9,058,560
[watchdog 14:01:02] episodes=236  spent=$13.68 / $40.00 (34%)  in=17,645,990 out=181,782 cache=9,058,560
[watchdog 14:01:32] episodes=238  spent=$13.79 / $40.00 (34%)  in=17,796,533 out=183,286 cache=9,148,928
[watchdog 14:02:02] episodes=240  spent=$13.89 / $40.00 (35%)  in=17,946,621 out=184,670 cache=9,233,536
[watchdog 14:02:32] episodes=240  spent=$13.89 / $40.00 (35%)  in=17,946,621 out=184,670 cache=9,233,536
[watchdog 14:03:03] episodes=240  spent=$13.89 / $40.00 (35%)  in=17,946,621 out=184,670 cache=9,233,536
[watchdog 14:03:33] episodes=242  spent=$13.99 / $40.00 (35%)  in=18,148,590 out=186,214 cache=9,383,296
[watchdog 14:04:03] episodes=244  spent=$14.11 / $40.00 (35%)  in=18,363,506 out=187,834 cache=9,533,440
[watchdog 14:04:33] episodes=246  spent=$14.21 / $40.00 (36%)  in=18,510,494 out=189,179 cache=9,618,688
[watchdog 14:05:03] episodes=248  spent=$14.31 / $40.00 (36%)  in=18,670,217 out=190,590 cache=9,721,856
[watchdog 14:05:33] episodes=249  spent=$14.36 / $40.00 (36%)  in=18,768,202 out=191,405 cache=9,787,008
[watchdog 14:06:03] episodes=251  spent=$14.50 / $40.00 (36%)  in=19,010,837 out=193,082 cache=9,950,720
[watchdog 14:06:33] episodes=252  spent=$14.56 / $40.00 (36%)  in=19,110,731 out=193,866 cache=10,016,256
[watchdog 14:07:03] episodes=253  spent=$14.63 / $40.00 (37%)  in=19,237,172 out=194,726 cache=10,105,088
[watchdog 14:07:33] episodes=256  spent=$14.81 / $40.00 (37%)  in=19,564,421 out=197,175 cache=10,323,712
[watchdog 14:08:03] episodes=257  spent=$14.87 / $40.00 (37%)  in=19,666,518 out=197,984 cache=10,394,496
[watchdog 14:08:33] episodes=258  spent=$14.91 / $40.00 (37%)  in=19,737,088 out=198,641 cache=10,439,936
[watchdog 14:09:03] episodes=261  spent=$15.11 / $40.00 (38%)  in=20,076,182 out=201,250 cache=10,668,800
[watchdog 14:09:33] episodes=262  spent=$15.16 / $40.00 (38%)  in=20,170,138 out=202,038 cache=10,730,368
[watchdog 14:10:04] episodes=264  spent=$15.27 / $40.00 (38%)  in=20,357,162 out=203,590 cache=10,852,736
[watchdog 14:10:34] episodes=265  spent=$15.33 / $40.00 (38%)  in=20,454,407 out=204,378 cache=10,915,072
[watchdog 14:11:04] episodes=267  spent=$15.46 / $40.00 (39%)  in=20,684,861 out=206,054 cache=11,074,688
[watchdog 14:11:34] episodes=269  spent=$15.59 / $40.00 (39%)  in=20,933,365 out=207,870 cache=11,247,104
[watchdog 14:12:04] episodes=270  spent=$15.66 / $40.00 (39%)  in=21,064,160 out=208,781 cache=11,342,080
[watchdog 14:12:34] episodes=271  spent=$15.72 / $40.00 (39%)  in=21,161,761 out=209,609 cache=11,407,232
[watchdog 14:13:04] episodes=273  spent=$15.83 / $40.00 (40%)  in=21,359,903 out=211,193 cache=11,540,224
[watchdog 14:13:34] episodes=275  spent=$15.94 / $40.00 (40%)  in=21,568,689 out=212,800 cache=11,683,456
[watchdog 14:14:04] episodes=277  spent=$16.06 / $40.00 (40%)  in=21,789,348 out=214,412 cache=11,836,800
[watchdog 14:14:34] episodes=279  spent=$16.17 / $40.00 (40%)  in=21,971,607 out=215,931 cache=11,961,344
[watchdog 14:15:04] episodes=279  spent=$16.17 / $40.00 (40%)  in=21,971,607 out=215,931 cache=11,961,344
[watchdog 14:15:34] episodes=282  spent=$16.34 / $40.00 (41%)  in=22,274,461 out=218,306 cache=12,163,584
[watchdog 14:16:04] episodes=283  spent=$16.40 / $40.00 (41%)  in=22,391,802 out=219,118 cache=12,247,680
[watchdog 14:16:34] episodes=286  spent=$16.59 / $40.00 (41%)  in=22,709,135 out=221,583 cache=12,459,136
[watchdog 14:17:05] episodes=287  spent=$16.66 / $40.00 (42%)  in=22,823,813 out=222,389 cache=12,532,096
[watchdog 14:17:35] episodes=288  spent=$16.72 / $40.00 (42%)  in=22,936,118 out=223,198 cache=12,609,280
[watchdog 14:18:05] episodes=290  spent=$16.84 / $40.00 (42%)  in=23,153,758 out=224,885 cache=12,753,408
[watchdog 14:18:35] episodes=292  spent=$16.95 / $40.00 (42%)  in=23,334,078 out=226,293 cache=12,873,856
[watchdog 14:19:05] episodes=294  spent=$17.05 / $40.00 (43%)  in=23,514,146 out=227,831 cache=12,992,768
[watchdog 14:19:35] episodes=294  spent=$17.05 / $40.00 (43%)  in=23,514,146 out=227,831 cache=12,992,768
[watchdog 14:20:05] episodes=296  spent=$17.21 / $40.00 (43%)  in=23,787,466 out=229,962 cache=13,177,088
[watchdog 14:20:35] episodes=297  spent=$17.27 / $40.00 (43%)  in=23,908,818 out=230,815 cache=13,265,152
[watchdog 14:21:05] episodes=297  spent=$17.27 / $40.00 (43%)  in=23,908,818 out=230,815 cache=13,265,152
[watchdog 14:21:35] episodes=299  spent=$17.40 / $40.00 (43%)  in=24,158,521 out=232,590 cache=13,446,656
[watchdog 14:22:05] episodes=300  spent=$17.45 / $40.00 (44%)  in=24,270,316 out=233,388 cache=13,529,216
[watchdog 14:22:35] episodes=303  spent=$17.59 / $40.00 (44%)  in=24,513,742 out=235,603 cache=13,691,904
[watchdog 14:23:05] episodes=304  spent=$17.66 / $40.00 (44%)  in=24,658,992 out=236,520 cache=13,799,424
[watchdog 14:23:35] episodes=306  spent=$17.81 / $40.00 (45%)  in=24,913,095 out=238,401 cache=13,972,480
[watchdog 14:24:05] episodes=307  spent=$17.88 / $40.00 (45%)  in=25,060,489 out=239,391 cache=14,080,256
[watchdog 14:24:36] episodes=308  spent=$17.95 / $40.00 (45%)  in=25,187,346 out=240,286 cache=14,166,016
[watchdog 14:25:06] episodes=309  spent=$18.02 / $40.00 (45%)  in=25,304,924 out=241,181 cache=14,246,400
[watchdog 14:25:36] episodes=310  spent=$18.09 / $40.00 (45%)  in=25,456,580 out=242,123 cache=14,352,896
[watchdog 14:26:06] episodes=312  spent=$18.23 / $40.00 (46%)  in=25,720,887 out=244,009 cache=14,546,048
[watchdog 14:26:36] episodes=314  spent=$18.35 / $40.00 (46%)  in=25,965,498 out=245,814 cache=14,723,328
[watchdog 14:27:06] episodes=314  spent=$18.35 / $40.00 (46%)  in=25,965,498 out=245,814 cache=14,723,328
[watchdog 14:27:36] episodes=316  spent=$18.51 / $40.00 (46%)  in=26,240,300 out=247,682 cache=14,904,960
[watchdog 14:28:06] episodes=318  spent=$18.67 / $40.00 (47%)  in=26,511,533 out=249,496 cache=15,081,728
[watchdog 14:28:36] episodes=320  spent=$18.78 / $40.00 (47%)  in=26,698,706 out=251,024 cache=15,202,944
[watchdog 14:29:06] episodes=320  spent=$18.78 / $40.00 (47%)  in=26,698,706 out=251,024 cache=15,202,944
[watchdog 14:29:36] episodes=321  spent=$18.87 / $40.00 (47%)  in=26,856,936 out=252,014 cache=15,309,568
[watchdog 14:30:06] episodes=322  spent=$18.94 / $40.00 (47%)  in=26,980,481 out=252,933 cache=15,391,744
[watchdog 14:30:37] episodes=324  spent=$19.09 / $40.00 (48%)  in=27,300,541 out=254,982 cache=15,630,336
[watchdog 14:31:07] episodes=326  spent=$19.22 / $40.00 (48%)  in=27,534,040 out=256,738 cache=15,792,512
[watchdog 14:31:37] episodes=326  spent=$19.22 / $40.00 (48%)  in=27,534,040 out=256,738 cache=15,792,512
[watchdog 14:32:07] episodes=328  spent=$19.39 / $40.00 (48%)  in=27,832,632 out=258,663 cache=15,991,168
[watchdog 14:32:37] episodes=330  spent=$19.54 / $40.00 (49%)  in=28,130,159 out=260,734 cache=16,202,880
[watchdog 14:33:07] episodes=330  spent=$19.54 / $40.00 (49%)  in=28,130,159 out=260,734 cache=16,202,880
[watchdog 14:33:37] episodes=332  spent=$19.67 / $40.00 (49%)  in=28,390,533 out=262,729 cache=16,394,880
[watchdog 14:34:07] episodes=332  spent=$19.67 / $40.00 (49%)  in=28,390,533 out=262,729 cache=16,394,880
[watchdog 14:34:37] episodes=334  spent=$19.81 / $40.00 (50%)  in=28,678,502 out=264,596 cache=16,610,304
[watchdog 14:35:07] episodes=334  spent=$19.81 / $40.00 (50%)  in=28,678,502 out=264,596 cache=16,610,304
[watchdog 14:35:37] episodes=336  spent=$19.94 / $40.00 (50%)  in=28,963,604 out=266,515 cache=16,828,928
[watchdog 14:36:07] episodes=337  spent=$20.00 / $40.00 (50%)  in=29,076,740 out=267,365 cache=16,908,160
[watchdog 14:36:37] episodes=338  spent=$20.07 / $40.00 (50%)  in=29,222,507 out=268,363 cache=17,014,272
[watchdog 14:37:08] episodes=340  spent=$20.21 / $40.00 (51%)  in=29,493,416 out=270,254 cache=17,205,376
[watchdog 14:37:38] episodes=342  spent=$20.36 / $40.00 (51%)  in=29,765,458 out=272,078 cache=17,394,944
[watchdog 14:38:08] episodes=343  spent=$20.43 / $40.00 (51%)  in=29,887,419 out=273,018 cache=17,475,072
[watchdog 14:38:38] episodes=344  spent=$20.50 / $40.00 (51%)  in=30,018,151 out=273,954 cache=17,562,368
[watchdog 14:39:08] episodes=346  spent=$20.64 / $40.00 (52%)  in=30,284,540 out=275,770 cache=17,750,272
[watchdog 14:39:38] episodes=348  spent=$20.78 / $40.00 (52%)  in=30,530,818 out=277,552 cache=17,916,800
[watchdog 14:40:08] episodes=349  spent=$20.85 / $40.00 (52%)  in=30,644,798 out=278,452 cache=17,987,200
[watchdog 14:40:38] episodes=350  spent=$20.92 / $40.00 (52%)  in=30,766,394 out=279,361 cache=18,072,704
[watchdog 14:41:08] episodes=352  spent=$21.06 / $40.00 (53%)  in=31,020,168 out=281,212 cache=18,244,992
[watchdog 14:41:38] episodes=352  spent=$21.06 / $40.00 (53%)  in=31,020,168 out=281,212 cache=18,244,992
[watchdog 14:42:08] episodes=354  spent=$21.23 / $40.00 (53%)  in=31,335,995 out=283,215 cache=18,466,304
[watchdog 14:42:38] episodes=356  spent=$21.37 / $40.00 (53%)  in=31,598,429 out=285,054 cache=18,650,112
[watchdog 14:43:09] episodes=356  spent=$21.37 / $40.00 (53%)  in=31,598,429 out=285,054 cache=18,650,112
[watchdog 14:43:39] episodes=358  spent=$21.51 / $40.00 (54%)  in=31,886,907 out=286,995 cache=18,860,032
[watchdog 14:44:09] episodes=360  spent=$21.68 / $40.00 (54%)  in=32,226,097 out=289,137 cache=19,109,376
[watchdog 14:44:09] sweep process gone; final spend $21.68 over 360 episodes. exiting
